[2025-08-14 16:47:28.309354] division_agent.division called with a=32.0, b=2.0
2.0, b=34.0
[2025-08-14 16:47:28.315512] multiplication_agent.multiplication called with a=24.0, b=31.0
[2025-08-14 16:47:32.057949] multiplication_agent.multiplication called with a=16.0, b=744.0
[2025-08-14 16:47:35.874492] addition_agent.add called with a=408.0, b=11904.0
[2025-08-14 16:49:34.437949] multiplication_agent.multiplication called with a=12.0, b=34.0
[2025-08-14 16:49:34.437949] division_agent.division called with a=32.0, b=2.0
[2025-08-14 16:49:34.450189] multiplication_agent.multiplication called with a=24.0, b=31.0
[2025-08-14 16:49:40.014908] multiplication_agent.multiplication called with a=16.0, b=744.0
[2025-08-14 16:49:44.265529] addition_agent.add called with a=408.0, b=11904.0
[2025-08-14 16:57:47.928295] multiplication_agent.multiplication called with a=12.0, b=34.0
[2025-08-14 16:57:47.928295] division_agent.division called with a=32.0, b=2.0
[2025-08-14 16:57:47.941427] multiplication_agent.multiplication called with a=24.0, b=31.0
[2025-08-14 16:57:52.386284] multiplication_agent.multiplication called with a=16.0, b=744.0
[2025-08-14 16:57:56.195373] addition_agent.add called with a=408.0, b=11904.0
[2025-08-14 16:58:14.228751] division_agent.division called with a=32.0, b=2.0
2.0, b=34.0
[2025-08-14 16:58:14.232337] multiplication_agent.multiplication called with a=24.0, b=31.0
[2025-08-14 16:58:18.093050] multiplication_agent.multiplication called with a=16.0, b=744.0
[2025-08-14 16:58:20.961415] addition_agent.add called with a=408.0, b=11904.0
[2025-08-14 17:03:43.739536] addition_agent.add called with a=5.0, b=5.0
[2025-08-14 17:44:40.518617] addition_agent.add called with a=14.0, b=23.0
[2025-08-14 18:07:45.484681] addition_agent.add called with a=14.0, b=23.0
[2025-08-14 18:29:10.717227] addition_agent.add called with a=5.0, b=5.0
[2025-08-14 18:31:35.079418] addition_agent.add called with a=5.0, b=5.0
[2025-08-14 18:32:04.147078] division_agent.division called with a=100.0, b=5.0
[2025-08-14 18:32:55.238731] subtraction_agent.subtraction called with a=100.0, b=5.0
[2025-08-14 18:34:02.720123] multiplication_agent.multiplication called with a=1000.0, b=3000.0
[2025-08-14 18:34:02.723643] multiplication_agent.multiplication called with a=2000.0, b=4000.0
[2025-08-14 18:34:06.000709] subtraction_agent.subtraction called with a=3000000.0, b=8000000.0
[2025-08-14 19:22:25.901220] addition_agent.add called with a=5.0, b=5.0
[2025-08-14 19:23:05.506847] multiplication_agent.multiplication called with a=5.0, b=5.0
[2025-08-14 19:23:11.656877] subtraction_agent.subtraction called with a=25.0, b=2.0
[2025-08-15 07:04:01.961297] addition_agent.add called with a=5.0, b=5.0
[2025-08-15 07:04:05.603725] multiplication_agent.multiplication called with a=10.0, b=7.0
[2025-08-15 07:04:09.302522] division_agent.division called with a=70.0, b=2.0
[2025-08-15 07:13:32.431881] addition_agent.add called with a=5.0, b=5.0
[2025-08-15 07:13:37.072992] division_agent.division called with a=10.0, b=2.0
[2025-08-18 09:42:22.069143] Main_agent to addition_agent.add called with a=5.0, b=5.0
[2025-08-18 10:11:08.940646] Main_agent to addition_agent.add called with a=5.0, b=5.0
[2025-08-18 10:18:13.816327] Main_agent to addition_agent.add called with a=5.0, b=5.0
[2025-08-18 10:20:44.427805] Main_agent to addition_agent.add called with a=5.0, b=5.0
[2025-08-18 10:20:47.197840] Main_agent to subtraction_agent.subtraction called with a=10.0, b=5.0
[2025-08-18 10:27:28.710653] Main_agent to  division_agent.division called with a=100.0, b=25.0
[2025-08-18 10:27:28.718363] Main_agent to multiplication_agent.multiplication called with a=50.0, b=2.0
[2025-08-18 10:27:33.249145] Main_agent to addition_agent.add called with a=4.0, b=100.0
[2025-08-18 10:31:58.533369] Main_agent to subtraction_agent.subtraction called with a=10.0, b=3.0
[2025-08-18 10:32:02.205384] Main_agent to multiplication_agent.multiplication called with a=7.0, b=8.0
[2025-08-18 10:32:05.900133] Main_agent to  division_agent.division called with a=56.0, b=2.0
[2025-08-18 10:51:11.535797] Main_agent to  division_agent.division called with a=100.0, b=25.0
[2025-08-18 10:51:11.545729] Main_agent to multiplication_agent.multiplication called with a=50.0, b=2.0
[2025-08-18 10:51:16.513474] Main_agent to addition_agent.add called with a=4.0, b=100.0
[2025-08-18 11:07:09.694510] -  To solve the expression (5+4)/12*43, we follow the order of operations, often remembered by the acronym PEMDAS (Parentheses, Exponents, Multiplication and Division, Addition and Subtraction).

First, we solve the part in the parentheses:
(5+4) = 9

Now the expression is:
9/12*43

Next, we perform multiplication and division from left to right. First, we divide 9 by 12:
9/12 = 0.75

Finally, we multiply the result by 43:
0.75 * 43 = 32.25

So, the answer is 32.25.
[2025-08-18 11:10:25.366022] -  The answer is 104.

Here's the explanation:

To solve this, we follow the order of operations (PEMDAS/BODMAS):

1.  **P**arentheses
2.  **E**xponents
3.  **M**ultiplication and **D**ivision (from left to right)
4.  **A**ddition and **S**ubtraction (from left to right)

First, we solve the expressions inside the parentheses:

*   100 / 25 = 4
*   50 * 2 = 100

Then, we add the results:

*   4 + 100 = 104

So, the final answer is 104.
[2025-08-18 11:23:36.130721] Main_agent to addition_agent.add called with a=5.0, b=5.0 -> result=10.0
[2025-08-18 11:28:00.828310] Main_agent to subtraction_agent.subtraction called with a=11.0, b=5.0
[2025-08-18 11:28:04.110950] Main_agent to subtraction_agent.subtraction called with a=6.0, b=2.0
[2025-08-18 11:33:09.067802] Main_agent to addition_agent.add called with a=5.0, b=5.0
[2025-08-18 11:33:37.403422] Main_agent to subtraction_agent.subtraction called with a=10.0, b=5.0
[2025-08-18 11:40:52.306124] Main_agent to addition_agent.add called with a=5.0, b=10.0
[2025-08-18 12:04:23.151002] Main_agent to addition_agent.add called with a=5.0, b=5.0
[2025-08-18 12:07:19.749801] Main_agent to addition_agent.add called with a=10.0, b=10.0
[2025-08-18 12:11:14.783733] Main_agent to addition_agent.add called with a=5.0, b=6.0
[2025-08-18 12:28:36.745059] Main_agent to subtraction_agent.subtraction called with a=5.0, b=5.0
[2025-08-18 12:31:24.138922] Main_agent to addition_agent.add called with a=5.0, b=5.0
[2025-08-18 12:31:46.384588] Main_agent to subtraction_agent.subtraction called with a=6.0, b=5.0
[2025-08-18 18:05:54.016958] Main_agent to addition_agent.add called with a=5.0, b=5.0
[2025-08-18 18:15:55.701641] Main_agent to subtraction_agent.subtraction called with a=6.0, b=5.0
[2025-08-18 18:26:24.882823] Main_agent to addition_agent.add called with a=4.0, b=5.0
[2025-08-18 18:26:54.377136] Main_agent to subtraction_agent.subtraction called with a=5.0, b=4.0
[2025-08-18 18:27:47.605222] Main_agent to addition_agent.add called with a=5.0, b=5.0
[2025-08-18 18:28:33.743563] Main_agent to subtraction_agent.subtraction called with a=10.0, b=4.0
[2025-08-18 18:29:02.873146] Main_agent to addition_agent.add called with a=6.0, b=6.0
[2025-08-18 18:29:34.869307] Main_agent to addition_agent.add called with a=5.0, b=4.0
[2025-08-18 18:29:58.810884] Main_agent to subtraction_agent.subtraction called with a=9.0, b=5.0
[2025-08-18 19:39:15.977924] Main_agent to addition_agent.add called with a=5.0, b=10.0
[2025-08-18 19:42:27.971628] Main_agent to multiplication_agent.multiplication called with a=5.0, b=5.0
[2025-08-18 20:23:14.931557] Main_agent to addition_agent.add called with a=11.0, b=2001.0
[2025-08-19 09:42:08.380055] Main_agent to addition_agent.add called with a=6.0, b=5.0
[2025-08-19 09:43:23.867698] Main_agent to addition_agent.add called with a=10.0, b=19.0
[2025-08-19 09:43:30.091703] Main_agent to addition_agent.add called with a=1.0, b=29.0
[2025-08-19 09:46:38.910760] Main_agent to addition_agent.add called with a=15.0, b=16.0
[2025-08-19 09:46:50.386582] Main_agent to subtraction_agent.subtraction called with a=31.0, b=1.0
[2025-08-19 09:47:57.606720] Main_agent to addition_agent.add called with a=15.0, b=16.0
[2025-08-19 09:48:13.728021] Main_agent to subtraction_agent.subtraction called with a=31.0, b=1.0
[2025-08-19 09:48:26.037163] Main_agent to addition_agent.add called with a=30.0, b=10.0
[2025-08-19 10:17:37.217488] Main_agent to addition_agent.add called with a=5.0, b=5.0
[2025-08-19 10:43:35.649519] Main_agent to addition_agent.add called with a=11.0, b=2001.0
[2025-08-19 10:43:35.656780] Main_agent to addition_agent.add called with a=89.0, b=4567.0
[2025-08-19 10:43:35.665582] Main_agent to addition_agent.add called with a=999.0, b=111.0
[2025-08-19 10:44:36.874518] Main_agent to addition_agent.add called with a=11.0, b=2001.0
[2025-08-19 10:44:36.883383] Main_agent to addition_agent.add called with a=89.0, b=4567.0
[2025-08-19 10:44:36.893989] Main_agent to addition_agent.add called with a=999.0, b=111.0
[2025-08-19 10:45:37.957196] Main_agent to addition_agent.add called with a=11.0, b=2001.0
[2025-08-19 10:45:37.971116] Main_agent to addition_agent.add called with a=89.0, b=4567.0
[2025-08-19 10:45:37.982842] Main_agent to addition_agent.add called with a=999.0, b=111.0
[2025-08-19 10:45:58.860103] Main_agent to subtraction_agent.subtraction called with a=1234.0, b=57.0
[2025-08-19 10:45:58.871135] Main_agent to subtraction_agent.subtraction called with a=5050.0, b=2025.0
[2025-08-19 10:47:43.633572] Main_agent to addition_agent.add called with a=11.0, b=2001.0
[2025-08-19 10:47:43.651425] Main_agent to addition_agent.add called with a=89.0, b=4567.0
[2025-08-19 10:47:43.651425] Main_agent to addition_agent.add called with a=999.0, b=111.0
[2025-08-19 10:56:44.914625] Main_agent to addition_agent.add called with a=11.0, b=2001.0
[2025-08-19 10:56:44.918165] Main_agent to addition_agent.add called with a=89.0, b=4567.0
[2025-08-19 10:56:44.922747] Main_agent to addition_agent.add called with a=999.0, b=111.0
[2025-08-19 10:59:07.814724] Main_agent to addition_agent.add called with a=11.0, b=2001.0
[2025-08-19 10:59:07.821449] Main_agent to addition_agent.add called with a=89.0, b=4567.0
[2025-08-19 10:59:07.825224] Main_agent to addition_agent.add called with a=999.0, b=111.0
[2025-08-19 11:36:04.500332] Main_agent to addition_agent.add called with a=11.0, b=2001.0
[2025-08-19 11:36:04.503259] Main_agent to addition_agent.add called with a=89.0, b=4567.0
[2025-08-19 11:36:04.523666] Main_agent to addition_agent.add called with a=999.0, b=111.0
[2025-08-19 11:36:21.790528] Main_agent to subtraction_agent.subtraction called with a=1234.0, b=57.0
[2025-08-19 11:36:21.794009] Main_agent to subtraction_agent.subtraction called with a=5050.0, b=2025.0
[2025-08-19 11:37:38.515280] Main_agent to addition_agent.add called with a=11.0, b=2001.0
[2025-08-19 11:37:38.532224] Main_agent to addition_agent.add called with a=89.0, b=4567.0
[2025-08-19 11:37:38.548170] Main_agent to addition_agent.add called with a=999.0, b=111.0
[2025-08-19 12:39:11.517922] Main_agent to addition_agent.add called with a=5.0, b=5.0
[2025-08-19 12:56:59.024942] Main_agent to addition_agent.add called with a=5.0, b=3.0
[2025-08-19 13:02:47.202188] Main_agent to addition_agent.add called with a=5.0, b=3.0
[2025-08-19 13:02:51.939944] Main_agent to addition_agent.add called with a=12.0, b=8.0
[2025-08-19 14:33:20.987189] Main_agent to addition_agent.add called with a=11.0, b=2001.0
[2025-08-19 14:33:20.993442] Main_agent to addition_agent.add called with a=89.0, b=4567.0
[2025-08-19 14:33:20.996582] Main_agent to addition_agent.add called with a=999.0, b=111.0
[2025-08-19 14:33:30.668424] Main_agent to subtraction_agent.subtraction called with a=1234.0, b=57.0
[2025-08-19 14:33:30.673215] Main_agent to subtraction_agent.subtraction called with a=5050.0, b=2025.0
[2025-08-19 14:49:34.096836] Main_agent to addition_agent.add called with a=11.0, b=2001.0
[2025-08-19 14:49:34.106935] Main_agent to addition_agent.add called with a=89.0, b=4567.0
[2025-08-19 14:49:34.112190] Main_agent to addition_agent.add called with a=999.0, b=111.0
[2025-08-19 14:51:16.269896] Main_agent to addition_agent.add called with a=11.0, b=2001.0
[2025-08-19 14:51:33.385271] Main_agent to subtraction_agent.subtraction called with a=1234.0, b=57.0
[2025-08-19 14:51:51.689321] Main_agent to addition_agent.add called with a=89.0, b=4567.0
[2025-08-19 14:52:11.498159] Main_agent to subtraction_agent.subtraction called with a=5050.0, b=2025.0
[2025-08-19 14:52:26.678723] Main_agent to addition_agent.add called with a=999.0, b=111.0
[2025-08-19 14:56:29.284524] Main_agent to addition_agent.add called with a=11.0, b=2001.0
[2025-08-19 14:56:29.292476] Main_agent to addition_agent.add called with a=89.0, b=4567.0
[2025-08-19 14:56:29.298310] Main_agent to addition_agent.add called with a=999.0, b=111.0
[2025-08-19 14:57:05.565549] Main_agent to subtraction_agent.subtraction called with a=1234.0, b=57.0
[2025-08-19 14:57:05.572248] Main_agent to subtraction_agent.subtraction called with a=5050.0, b=2025.0
[2025-08-19 15:02:01.777287] Main_agent to addition_agent.add called with a=5.0, b=6.0
[2025-08-19 15:02:16.753974] Main_agent to subtraction_agent.subtraction called with a=11.0, b=5.0
[2025-08-19 15:06:02.260590] Main_agent to addition_agent.add called with a=5.0, b=6.0
[2025-08-19 15:06:15.332244] Main_agent to subtraction_agent.subtraction called with a=11.0, b=5.0
[2025-08-19 15:07:39.719317] Main_agent to addition_agent.add called with a=11.0, b=2001.0
[2025-08-19 15:07:51.553066] Main_agent to subtraction_agent.subtraction called with a=1234.0, b=57.0
[2025-08-19 15:08:02.096945] Main_agent to addition_agent.add called with a=89.0, b=4567.0
[2025-08-19 15:08:14.595465] Main_agent to subtraction_agent.subtraction called with a=5050.0, b=2025.0
[2025-08-19 15:08:25.185995] Main_agent to addition_agent.add called with a=999.0, b=111.0
[2025-08-19 15:09:25.781752] Main_agent to addition_agent.add called with a=11.0, b=2001.0
[2025-08-19 15:09:25.794045] Main_agent to addition_agent.add called with a=89.0, b=4567.0
[2025-08-19 15:09:25.800754] Main_agent to addition_agent.add called with a=999.0, b=111.0
[2025-08-19 15:09:46.642490] Main_agent to subtraction_agent.subtraction called with a=1234.0, b=57.0
[2025-08-19 15:09:46.651904] Main_agent to subtraction_agent.subtraction called with a=5050.0, b=2025.0
[2025-08-19 15:23:25.912548] Main_agent to addition_agent.add called with a=11.0, b=2001.0
[2025-08-19 15:23:38.728789] Main_agent to subtraction_agent.subtraction called with a=1234.0, b=57.0
[2025-08-19 15:23:48.762420] Main_agent to addition_agent.add called with a=89.0, b=4567.0
[2025-08-19 15:24:00.387315] Main_agent to subtraction_agent.subtraction called with a=5050.0, b=2025.0
[2025-08-19 15:24:10.589561] Main_agent to addition_agent.add called with a=999.0, b=111.0
[2025-08-19 15:47:33.887486] Main_agent to addition_agent.add called with a=11.0, b=2001.0
[2025-08-19 15:47:33.896637] Main_agent to addition_agent.add called with a=89.0, b=4567.0
[2025-08-19 15:47:33.902656] Main_agent to addition_agent.add called with a=999.0, b=111.0
[2025-08-19 15:47:50.299575] Main_agent to subtraction_agent.subtraction called with a=1234.0, b=57.0
[2025-08-19 15:47:50.305715] Main_agent to subtraction_agent.subtraction called with a=5050.0, b=2025.0
[2025-08-19 15:52:20.162785] Main_agent to addition_agent.add called with a=11.0, b=2001.0
[2025-08-19 15:52:20.168786] Main_agent to addition_agent.add called with a=89.0, b=4567.0
[2025-08-19 15:52:20.173787] Main_agent to addition_agent.add called with a=999.0, b=111.0
[2025-08-19 15:52:26.462896] Main_agent to subtraction_agent.subtraction called with a=1234.0, b=57.0
[2025-08-19 15:52:26.467969] Main_agent to subtraction_agent.subtraction called with a=5050.0, b=2025.0
[2025-08-19 16:03:49.042910] Main_agent to addition_agent.add called with a=11.0, b=2001.0
[2025-08-19 16:03:49.050752] Main_agent to addition_agent.add called with a=89.0, b=4567.0
[2025-08-19 16:03:49.056565] Main_agent to addition_agent.add called with a=999.0, b=111.0
[2025-08-19 16:03:58.111476] Main_agent to subtraction_agent.subtraction called with a=1234.0, b=57.0
[2025-08-19 16:03:58.119461] Main_agent to subtraction_agent.subtraction called with a=5050.0, b=2025.0
[2025-08-19 16:05:28.196325] Main_agent to addition_agent.add called with a=11.0, b=2001.0
[2025-08-19 16:05:28.208234] Main_agent to addition_agent.add called with a=89.0, b=4567.0
[2025-08-19 16:05:28.216088] Main_agent to addition_agent.add called with a=999.0, b=111.0
[2025-08-19 16:05:34.692139] Main_agent to subtraction_agent.subtraction called with a=1234.0, b=57.0
[2025-08-19 16:05:34.704700] Main_agent to subtraction_agent.subtraction called with a=5050.0, b=2025.0
